Release 14.7 - xst P.20131013 (lin)
Copyright (c) 1995-2013 Xilinx, Inc.  All rights reserved.
--> 
Parameter TMPDIR set to xst/projnav.tmp


Total REAL time to Xst completion: 6.00 secs
Total CPU time to Xst completion: 0.03 secs
 
--> 
Parameter xsthdpdir set to xst


Total REAL time to Xst completion: 6.00 secs
Total CPU time to Xst completion: 0.03 secs
 
--> 
Reading design: controller.prj

TABLE OF CONTENTS
  1) Synthesis Options Summary
  2) HDL Parsing
  3) HDL Elaboration
  4) HDL Synthesis
       4.1) HDL Synthesis Report
  5) Advanced HDL Synthesis
       5.1) Advanced HDL Synthesis Report
  6) Low Level Synthesis
  7) Partition Report
  8) Design Summary
       8.1) Primitive and Black Box Usage
       8.2) Device utilization summary
       8.3) Partition Resource Summary
       8.4) Timing Report
            8.4.1) Clock Information
            8.4.2) Asynchronous Control Signals Information
            8.4.3) Timing Summary
            8.4.4) Timing Details
            8.4.5) Cross Clock Domains Report


=========================================================================
*                      Synthesis Options Summary                        *
=========================================================================
---- Source Parameters
Input File Name                    : "controller.prj"
Ignore Synthesis Constraint File   : NO

---- Target Parameters
Output File Name                   : "controller"
Output Format                      : NGC
Target Device                      : xc6slx16-3-csg324

---- Source Options
Top Module Name                    : controller
Automatic FSM Extraction           : YES
FSM Encoding Algorithm             : Auto
Safe Implementation                : No
FSM Style                          : LUT
RAM Extraction                     : Yes
RAM Style                          : Auto
ROM Extraction                     : Yes
Shift Register Extraction          : YES
ROM Style                          : Auto
Resource Sharing                   : YES
Asynchronous To Synchronous        : NO
Shift Register Minimum Size        : 2
Use DSP Block                      : Auto
Automatic Register Balancing       : No

---- Target Options
LUT Combining                      : Auto
Reduce Control Sets                : Auto
Add IO Buffers                     : YES
Global Maximum Fanout              : 100000
Add Generic Clock Buffer(BUFG)     : 16
Register Duplication               : YES
Optimize Instantiated Primitives   : NO
Use Clock Enable                   : Auto
Use Synchronous Set                : Auto
Use Synchronous Reset              : Auto
Pack IO Registers into IOBs        : Auto
Equivalent register Removal        : YES

---- General Options
Optimization Goal                  : Speed
Optimization Effort                : 1
Power Reduction                    : NO
Keep Hierarchy                     : No
Netlist Hierarchy                  : As_Optimized
RTL Output                         : Yes
Global Optimization                : AllClockNets
Read Cores                         : YES
Write Timing Constraints           : NO
Cross Clock Analysis               : NO
Hierarchy Separator                : /
Bus Delimiter                      : <>
Case Specifier                     : Maintain
Slice Utilization Ratio            : 100
BRAM Utilization Ratio             : 100
DSP48 Utilization Ratio            : 100
Auto BRAM Packing                  : NO
Slice Utilization Ratio Delta      : 5

=========================================================================


=========================================================================
*                          HDL Parsing                                  *
=========================================================================
Parsing VHDL file "/home/cal/Intstrument/scale_clock.vhd" into library work
Parsing entity <scale_clock>.
Parsing architecture <Behavioral> of entity <scale_clock>.
Parsing VHDL file "/home/cal/Intstrument/controller.vhd" into library work
Parsing entity <controller>.
Parsing architecture <Behavioral> of entity <controller>.

=========================================================================
*                            HDL Elaboration                            *
=========================================================================

Elaborating entity <controller> (architecture <Behavioral>) from library <work>.
WARNING:HDLCompiler:871 - "/home/cal/Intstrument/controller.vhd" Line 55: Using initial value '0' for reseter since it is never assigned

Elaborating entity <scale_clock> (architecture <Behavioral>) from library <work>.

=========================================================================
*                           HDL Synthesis                               *
=========================================================================

Synthesizing Unit <controller>.
    Related source file is "/home/cal/Intstrument/controller.vhd".
    Found 8-bit adder for signal <n0052> created at line 90.
    Found 8-bit adder for signal <n0055> created at line 90.
    Found 8-bit adder for signal <n0058> created at line 90.
    Found 8-bit adder for signal <n0061> created at line 90.
    Found 8-bit adder for signal <n0064> created at line 90.
    Found 8-bit adder for signal <n0067> created at line 90.
    Found 8-bit adder for signal <dac<7:0>> created at line 90.
    Summary:
	inferred   7 Adder/Subtractor(s).
Unit <controller> synthesized.

Synthesizing Unit <scale_clock>.
    Related source file is "/home/cal/Intstrument/scale_clock.vhd".
    Found 1-bit register for signal <clk_d4_294Hz>.
    Found 1-bit register for signal <clk_e4_330Hz>.
    Found 1-bit register for signal <clk_f4_349Hz>.
    Found 1-bit register for signal <clk_g4_392Hz>.
    Found 1-bit register for signal <clk_a4_440Hz>.
    Found 1-bit register for signal <clk_b4_494Hz>.
    Found 1-bit register for signal <clk_c5_523Hz>.
    Found 24-bit register for signal <prescaler_c4>.
    Found 24-bit register for signal <prescaler_d4>.
    Found 24-bit register for signal <prescaler_e4>.
    Found 24-bit register for signal <prescaler_f4>.
    Found 24-bit register for signal <prescaler_g4>.
    Found 24-bit register for signal <prescaler_a4>.
    Found 24-bit register for signal <prescaler_b4>.
    Found 24-bit register for signal <prescaler_c5>.
    Found 1-bit register for signal <clk_c4_262Hz>.
    Found 24-bit adder for signal <prescaler_c4[23]_GND_5_o_add_26_OUT> created at line 101.
    Found 24-bit adder for signal <prescaler_d4[23]_GND_5_o_add_27_OUT> created at line 102.
    Found 24-bit adder for signal <prescaler_e4[23]_GND_5_o_add_28_OUT> created at line 103.
    Found 24-bit adder for signal <prescaler_f4[23]_GND_5_o_add_29_OUT> created at line 104.
    Found 24-bit adder for signal <prescaler_g4[23]_GND_5_o_add_30_OUT> created at line 105.
    Found 24-bit adder for signal <prescaler_a4[23]_GND_5_o_add_31_OUT> created at line 106.
    Found 24-bit adder for signal <prescaler_b4[23]_GND_5_o_add_32_OUT> created at line 107.
    Found 24-bit adder for signal <prescaler_c5[23]_GND_5_o_add_33_OUT> created at line 108.
    Summary:
	inferred   8 Adder/Subtractor(s).
	inferred 200 D-type flip-flop(s).
Unit <scale_clock> synthesized.

=========================================================================
HDL Synthesis Report

Macro Statistics
# Adders/Subtractors                                   : 15
 24-bit adder                                          : 8
 8-bit adder                                           : 7
# Registers                                            : 16
 1-bit register                                        : 8
 24-bit register                                       : 8

=========================================================================

=========================================================================
*                       Advanced HDL Synthesis                          *
=========================================================================


Synthesizing (advanced) Unit <controller>.
	The following adders/subtractors are grouped into adder tree <Madd_dac<7:0>1> :
 	<Madd_n0052> in block <controller>, 	<Madd_n0055> in block <controller>, 	<Madd_n0058> in block <controller>, 	<Madd_n0061> in block <controller>, 	<Madd_n0064> in block <controller>, 	<Madd_n0067> in block <controller>, 	<Madd_dac<7:0>> in block <controller>.
Unit <controller> synthesized (advanced).

Synthesizing (advanced) Unit <scale_clock>.
The following registers are absorbed into counter <prescaler_c4>: 1 register on signal <prescaler_c4>.
The following registers are absorbed into counter <prescaler_d4>: 1 register on signal <prescaler_d4>.
The following registers are absorbed into counter <prescaler_f4>: 1 register on signal <prescaler_f4>.
The following registers are absorbed into counter <prescaler_e4>: 1 register on signal <prescaler_e4>.
The following registers are absorbed into counter <prescaler_g4>: 1 register on signal <prescaler_g4>.
The following registers are absorbed into counter <prescaler_b4>: 1 register on signal <prescaler_b4>.
The following registers are absorbed into counter <prescaler_a4>: 1 register on signal <prescaler_a4>.
The following registers are absorbed into counter <prescaler_c5>: 1 register on signal <prescaler_c5>.
Unit <scale_clock> synthesized (advanced).

=========================================================================
Advanced HDL Synthesis Report

Macro Statistics
# Adder Trees                                          : 1
 8-bit / 8-inputs adder tree                           : 1
# Counters                                             : 8
 24-bit up counter                                     : 8
# Registers                                            : 8
 Flip-Flops                                            : 8

=========================================================================

=========================================================================
*                         Low Level Synthesis                           *
=========================================================================
INFO:Xst:2146 - In block <scale_clock>, Counter <prescaler_c4> <prescaler_d4> <prescaler_f4> <prescaler_e4> <prescaler_g4> <prescaler_b4> <prescaler_a4> <prescaler_c5> are equivalent, XST will keep only <prescaler_c4>.

Optimizing unit <controller> ...

Optimizing unit <scale_clock> ...
WARNING:Xst:1710 - FF/Latch <clk_b4_494Hz> (without init value) has a constant value of 0 in block <scale_clock>. This FF/Latch will be trimmed during the optimization process.
WARNING:Xst:1895 - Due to other FF/Latch trimming, FF/Latch <clk_c5_523Hz> (without init value) has a constant value of 0 in block <scale_clock>. This FF/Latch will be trimmed during the optimization process.

Mapping all equations...
Building and optimizing final netlist ...
Found area constraint ratio of 100 (+ 5) on block controller, actual ratio is 0.

Final Macro Processing ...

=========================================================================
Final Register Report

Macro Statistics
# Registers                                            : 30
 Flip-Flops                                            : 30

=========================================================================

=========================================================================
*                           Partition Report                            *
=========================================================================

Partition Implementation Status
-------------------------------

  No Partitions were found in this design.

-------------------------------

=========================================================================
*                            Design Summary                             *
=========================================================================

Top Level Output File Name         : controller.ngc

Primitive and Black Box Usage:
------------------------------
# BELS                             : 128
#      GND                         : 1
#      INV                         : 1
#      LUT1                        : 23
#      LUT2                        : 4
#      LUT3                        : 5
#      LUT4                        : 2
#      LUT5                        : 11
#      LUT6                        : 18
#      MUXCY                       : 30
#      VCC                         : 1
#      XORCY                       : 32
# FlipFlops/Latches                : 30
#      FD                          : 26
#      FDE                         : 4
# Clock Buffers                    : 1
#      BUFGP                       : 1
# IO Buffers                       : 17
#      IBUF                        : 6
#      OBUF                        : 11

Device utilization summary:
---------------------------

Selected Device : 6slx16csg324-3 


Slice Logic Utilization: 
 Number of Slice Registers:              30  out of  18224     0%  
 Number of Slice LUTs:                   64  out of   9112     0%  
    Number used as Logic:                64  out of   9112     0%  

Slice Logic Distribution: 
 Number of LUT Flip Flop pairs used:     64
   Number with an unused Flip Flop:      34  out of     64    53%  
   Number with an unused LUT:             0  out of     64     0%  
   Number of fully used LUT-FF pairs:    30  out of     64    46%  
   Number of unique control sets:         4

IO Utilization: 
 Number of IOs:                          20
 Number of bonded IOBs:                  18  out of    232     7%  

Specific Feature Utilization:
 Number of BUFG/BUFGCTRLs:                1  out of     16     6%  

---------------------------
Partition Resource Summary:
---------------------------

  No Partitions were found in this design.

---------------------------


=========================================================================
Timing Report

NOTE: THESE TIMING NUMBERS ARE ONLY A SYNTHESIS ESTIMATE.
      FOR ACCURATE TIMING INFORMATION PLEASE REFER TO THE TRACE REPORT
      GENERATED AFTER PLACE-and-ROUTE.

Clock Information:
------------------
-----------------------------------+------------------------+-------+
Clock Signal                       | Clock buffer(FF name)  | Load  |
-----------------------------------+------------------------+-------+
clck                               | BUFGP                  | 30    |
-----------------------------------+------------------------+-------+

Asynchronous Control Signals Information:
----------------------------------------
No asynchronous control signals found in this design

Timing Summary:
---------------
Speed Grade: -3

   Minimum period: 3.520ns (Maximum Frequency: 284.083MHz)
   Minimum input arrival time before clock: No path found
   Maximum output required time after clock: 7.502ns
   Maximum combinational path delay: 8.226ns

Timing Details:
---------------
All values displayed in nanoseconds (ns)

=========================================================================
Timing constraint: Default period analysis for Clock 'clck'
  Clock period: 3.520ns (frequency: 284.083MHz)
  Total number of paths / destination ports: 452 / 34
-------------------------------------------------------------------------
Delay:               3.520ns (Levels of Logic = 3)
  Source:            scale_clock_1/prescaler_c4_15 (FF)
  Destination:       scale_clock_1/clk_f4_349Hz (FF)
  Source Clock:      clck rising
  Destination Clock: clck rising

  Data Path: scale_clock_1/prescaler_c4_15 to scale_clock_1/clk_f4_349Hz
                                Gate     Net
    Cell:in->out      fanout   Delay   Delay  Logical Name (Net Name)
    ----------------------------------------  ------------
     FD:C->Q               5   0.447   1.059  scale_clock_1/prescaler_c4_15 (scale_clock_1/prescaler_c4_15)
     LUT6:I1->O            1   0.203   0.684  scale_clock_1/prescaler_c4[23]_GND_5_o_equal_1_o<23>1_SW1 (N16)
     LUT6:I4->O            2   0.203   0.617  scale_clock_1/prescaler_e4[23]_GND_5_o_equal_7_o<23>11 (scale_clock_1/prescaler_e4[23]_GND_5_o_equal_7_o<23>1)
     LUT3:I2->O            1   0.205   0.000  scale_clock_1/clk_e4_330Hz_rstpot (scale_clock_1/clk_e4_330Hz_rstpot)
     FD:D                      0.102          scale_clock_1/clk_e4_330Hz
    ----------------------------------------
    Total                      3.520ns (1.160ns logic, 2.360ns route)
                                       (33.0% logic, 67.0% route)

=========================================================================
Timing constraint: Default OFFSET OUT AFTER for Clock 'clck'
  Total number of paths / destination ports: 377 / 8
-------------------------------------------------------------------------
Offset:              7.502ns (Levels of Logic = 10)
  Source:            scale_clock_1/clk_e4_330Hz (FF)
  Destination:       dac<7> (PAD)
  Source Clock:      clck rising

  Data Path: scale_clock_1/clk_e4_330Hz to dac<7>
                                Gate     Net
    Cell:in->out      fanout   Delay   Delay  Logical Name (Net Name)
    ----------------------------------------  ------------
     FD:C->Q               3   0.447   0.898  scale_clock_1/clk_e4_330Hz (scale_clock_1/clk_e4_330Hz)
     LUT4:I0->O            3   0.203   0.879  ADDERTREE_INTERNAL_Madd1_lut<0>1 (ADDERTREE_INTERNAL_Madd1_lut<0>)
     LUT6:I3->O            6   0.205   1.089  ADDERTREE_INTERNAL_Madd2_xor<0>81 (ADDERTREE_INTERNAL_Madd_72)
     LUT5:I0->O            1   0.203   0.000  ADDERTREE_INTERNAL_Madd6_lut<2>1 (ADDERTREE_INTERNAL_Madd6_lut<2>1)
     MUXCY:S->O            1   0.172   0.000  ADDERTREE_INTERNAL_Madd6_cy<2> (ADDERTREE_INTERNAL_Madd6_cy<2>)
     MUXCY:CI->O           1   0.019   0.000  ADDERTREE_INTERNAL_Madd6_cy<3> (ADDERTREE_INTERNAL_Madd6_cy<3>)
     MUXCY:CI->O           1   0.019   0.000  ADDERTREE_INTERNAL_Madd6_cy<4> (ADDERTREE_INTERNAL_Madd6_cy<4>)
     MUXCY:CI->O           1   0.019   0.000  ADDERTREE_INTERNAL_Madd6_cy<5> (ADDERTREE_INTERNAL_Madd6_cy<5>)
     MUXCY:CI->O           0   0.019   0.000  ADDERTREE_INTERNAL_Madd6_cy<6> (ADDERTREE_INTERNAL_Madd6_cy<6>)
     XORCY:CI->O           1   0.180   0.579  ADDERTREE_INTERNAL_Madd6_xor<7> (dac_7_OBUF)
     OBUF:I->O                 2.571          dac_7_OBUF (dac<7>)
    ----------------------------------------
    Total                      7.502ns (4.057ns logic, 3.445ns route)
                                       (54.1% logic, 45.9% route)

=========================================================================
Timing constraint: Default path analysis
  Total number of paths / destination ports: 377 / 8
-------------------------------------------------------------------------
Delay:               8.226ns (Levels of Logic = 11)
  Source:            notes<2> (PAD)
  Destination:       dac<7> (PAD)

  Data Path: notes<2> to dac<7>
                                Gate     Net
    Cell:in->out      fanout   Delay   Delay  Logical Name (Net Name)
    ----------------------------------------  ------------
     IBUF:I->O             2   1.222   0.845  notes_2_IBUF (notes_2_IBUF)
     LUT4:I1->O            3   0.205   0.879  ADDERTREE_INTERNAL_Madd1_lut<0>1 (ADDERTREE_INTERNAL_Madd1_lut<0>)
     LUT6:I3->O            6   0.205   1.089  ADDERTREE_INTERNAL_Madd2_xor<0>81 (ADDERTREE_INTERNAL_Madd_72)
     LUT5:I0->O            1   0.203   0.000  ADDERTREE_INTERNAL_Madd6_lut<2>1 (ADDERTREE_INTERNAL_Madd6_lut<2>1)
     MUXCY:S->O            1   0.172   0.000  ADDERTREE_INTERNAL_Madd6_cy<2> (ADDERTREE_INTERNAL_Madd6_cy<2>)
     MUXCY:CI->O           1   0.019   0.000  ADDERTREE_INTERNAL_Madd6_cy<3> (ADDERTREE_INTERNAL_Madd6_cy<3>)
     MUXCY:CI->O           1   0.019   0.000  ADDERTREE_INTERNAL_Madd6_cy<4> (ADDERTREE_INTERNAL_Madd6_cy<4>)
     MUXCY:CI->O           1   0.019   0.000  ADDERTREE_INTERNAL_Madd6_cy<5> (ADDERTREE_INTERNAL_Madd6_cy<5>)
     MUXCY:CI->O           0   0.019   0.000  ADDERTREE_INTERNAL_Madd6_cy<6> (ADDERTREE_INTERNAL_Madd6_cy<6>)
     XORCY:CI->O           1   0.180   0.579  ADDERTREE_INTERNAL_Madd6_xor<7> (dac_7_OBUF)
     OBUF:I->O                 2.571          dac_7_OBUF (dac<7>)
    ----------------------------------------
    Total                      8.226ns (4.834ns logic, 3.392ns route)
                                       (58.8% logic, 41.2% route)

=========================================================================

Cross Clock Domains Report:
--------------------------

Clock to Setup on destination clock clck
---------------+---------+---------+---------+---------+
               | Src:Rise| Src:Fall| Src:Rise| Src:Fall|
Source Clock   |Dest:Rise|Dest:Rise|Dest:Fall|Dest:Fall|
---------------+---------+---------+---------+---------+
clck           |    3.520|         |         |         |
---------------+---------+---------+---------+---------+

=========================================================================


Total REAL time to Xst completion: 18.00 secs
Total CPU time to Xst completion: 5.58 secs
 
--> 


Total memory usage is 128068 kilobytes

Number of errors   :    0 (   0 filtered)
Number of warnings :    3 (   0 filtered)
Number of infos    :    1 (   0 filtered)

