--------------------------------------------------------------------------------
Release 14.7 Trace  (lin)
Copyright (c) 1995-2013 Xilinx, Inc.  All rights reserved.

/home/cal/Webpack/bin/14.7/ISE_DS/ISE/bin/lin/unwrapped/trce -intstyle ise -v 3
-s 3 -n 3 -fastpaths -xml controller.twx controller.ncd -o controller.twr
controller.pcf

Design file:              controller.ncd
Physical constraint file: controller.pcf
Device,package,speed:     xc6slx16,csg324,C,-3 (PRODUCTION 1.23 2013-10-13)
Report level:             verbose report

Environment Variable      Effect 
--------------------      ------ 
NONE                      No environment variables were set
--------------------------------------------------------------------------------

INFO:Timing:2698 - No timing constraints found, doing default enumeration.
INFO:Timing:3412 - To improve timing, see the Timing Closure User Guide (UG612).
INFO:Timing:2752 - To get complete path coverage, use the unconstrained paths 
   option. All paths that are not constrained will be reported in the 
   unconstrained paths section(s) of the report.
INFO:Timing:3339 - The clock-to-out numbers in this timing report are based on 
   a 50 Ohm transmission line loading model.  For the details of this model, 
   and for more information on accounting for different loading conditions, 
   please see the device datasheet.



Data Sheet report:
-----------------
All values displayed in nanoseconds (ns)

Clock clck to Pad
------------+-----------------+------------+-----------------+------------+------------------+--------+
            |Max (slowest) clk|  Process   |Min (fastest) clk|  Process   |                  | Clock  |
Destination |  (edge) to PAD  |   Corner   |  (edge) to PAD  |   Corner   |Internal Clock(s) | Phase  |
------------+-----------------+------------+-----------------+------------+------------------+--------+
dac<0>      |        13.369(R)|      SLOW  |         5.627(R)|      FAST  |clck_BUFGP        |   0.000|
dac<1>      |        13.733(R)|      SLOW  |         5.640(R)|      FAST  |clck_BUFGP        |   0.000|
dac<2>      |        13.620(R)|      SLOW  |         5.549(R)|      FAST  |clck_BUFGP        |   0.000|
dac<3>      |        13.672(R)|      SLOW  |         5.601(R)|      FAST  |clck_BUFGP        |   0.000|
dac<4>      |        12.419(R)|      SLOW  |         4.821(R)|      FAST  |clck_BUFGP        |   0.000|
dac<5>      |        12.336(R)|      SLOW  |         4.794(R)|      FAST  |clck_BUFGP        |   0.000|
dac<6>      |        12.380(R)|      SLOW  |         4.759(R)|      FAST  |clck_BUFGP        |   0.000|
dac<7>      |        12.331(R)|      SLOW  |         4.726(R)|      FAST  |clck_BUFGP        |   0.000|
------------+-----------------+------------+-----------------+------------+------------------+--------+

Clock to Setup on destination clock clck
---------------+---------+---------+---------+---------+
               | Src:Rise| Src:Fall| Src:Rise| Src:Fall|
Source Clock   |Dest:Rise|Dest:Rise|Dest:Fall|Dest:Fall|
---------------+---------+---------+---------+---------+
clck           |    3.576|         |         |         |
---------------+---------+---------+---------+---------+

Pad to Pad
---------------+---------------+---------+
Source Pad     |Destination Pad|  Delay  |
---------------+---------------+---------+
notes<0>       |dac<0>         |   11.858|
notes<0>       |dac<1>         |   11.924|
notes<0>       |dac<2>         |   11.811|
notes<0>       |dac<3>         |   11.863|
notes<0>       |dac<4>         |   11.273|
notes<0>       |dac<5>         |   11.162|
notes<0>       |dac<6>         |   11.265|
notes<0>       |dac<7>         |   11.216|
notes<1>       |dac<0>         |   11.756|
notes<1>       |dac<1>         |   11.817|
notes<1>       |dac<2>         |   11.659|
notes<1>       |dac<3>         |   11.705|
notes<1>       |dac<4>         |   11.141|
notes<1>       |dac<5>         |   11.030|
notes<1>       |dac<6>         |   11.133|
notes<1>       |dac<7>         |   11.084|
notes<2>       |dac<0>         |   12.211|
notes<2>       |dac<1>         |   12.575|
notes<2>       |dac<2>         |   12.462|
notes<2>       |dac<3>         |   12.514|
notes<2>       |dac<4>         |   11.296|
notes<2>       |dac<5>         |   11.185|
notes<2>       |dac<6>         |   11.288|
notes<2>       |dac<7>         |   11.239|
notes<3>       |dac<0>         |   12.479|
notes<3>       |dac<1>         |   12.843|
notes<3>       |dac<2>         |   12.730|
notes<3>       |dac<3>         |   12.782|
notes<3>       |dac<4>         |   11.529|
notes<3>       |dac<5>         |   11.446|
notes<3>       |dac<6>         |   11.490|
notes<3>       |dac<7>         |   11.441|
notes<4>       |dac<0>         |   10.708|
notes<4>       |dac<1>         |   11.192|
notes<4>       |dac<2>         |   11.137|
notes<4>       |dac<3>         |   11.642|
notes<4>       |dac<4>         |   10.437|
notes<4>       |dac<5>         |   10.354|
notes<4>       |dac<6>         |   10.368|
notes<4>       |dac<7>         |   10.302|
notes<5>       |dac<0>         |   11.005|
notes<5>       |dac<1>         |   11.066|
notes<5>       |dac<2>         |   10.909|
notes<5>       |dac<3>         |   11.404|
notes<5>       |dac<4>         |   10.199|
notes<5>       |dac<5>         |   10.116|
notes<5>       |dac<6>         |   10.130|
notes<5>       |dac<7>         |   10.064|
notes<6>       |dac<0>         |   11.771|
notes<6>       |dac<1>         |   12.062|
notes<6>       |dac<2>         |   11.949|
notes<6>       |dac<3>         |   12.001|
notes<6>       |dac<4>         |   10.785|
notes<6>       |dac<5>         |   10.702|
notes<6>       |dac<6>         |   10.716|
notes<6>       |dac<7>         |   10.650|
notes<7>       |dac<0>         |   11.889|
notes<7>       |dac<1>         |   12.180|
notes<7>       |dac<2>         |   12.067|
notes<7>       |dac<3>         |   12.119|
notes<7>       |dac<4>         |   10.866|
notes<7>       |dac<5>         |   10.783|
notes<7>       |dac<6>         |   10.797|
notes<7>       |dac<7>         |   10.731|
---------------+---------------+---------+


Analysis completed Sun May 24 17:32:28 2015 
--------------------------------------------------------------------------------

Trace Settings:
-------------------------
Trace Settings 

Peak Memory Usage: 143 MB



